// Jest Snapshot v1, https://goo.gl/fbAQLP

exports[`Test TestToken methods smart contract: contract events 1`] = `
Array [
  Object {
    "name": "Transfer",
    "parameters": Array [
      Object {
        "name": "from",
        "type": "Hash160",
      },
      Object {
        "name": "to",
        "type": "Hash160",
      },
      Object {
        "name": "amount",
        "type": "Integer",
      },
    ],
  },
  Object {
    "name": "approveSendTransfer",
    "parameters": Array [
      Object {
        "name": "from",
        "type": "Hash160",
      },
      Object {
        "name": "to",
        "type": "Hash160",
      },
      Object {
        "name": "amount",
        "type": "Integer",
      },
    ],
  },
  Object {
    "name": "revokeSendTransfer",
    "parameters": Array [
      Object {
        "name": "from",
        "type": "Hash160",
      },
      Object {
        "name": "to",
        "type": "Hash160",
      },
      Object {
        "name": "amount",
        "type": "Integer",
      },
    ],
  },
]
`;

exports[`Test TestToken methods smart contract: contract methods 1`] = `
Array [
  Object {
    "name": "owner",
    "offset": 0,
    "parameters": Array [
      Object {
        "name": "__neoonemethodstring",
        "type": "String",
      },
    ],
    "returnType": "Hash160",
    "safe": true,
  },
  Object {
    "name": "name",
    "offset": 0,
    "parameters": Array [
      Object {
        "name": "__neoonemethodstring",
        "type": "String",
      },
    ],
    "returnType": "String",
    "safe": true,
  },
  Object {
    "name": "decimals",
    "offset": 0,
    "parameters": Array [
      Object {
        "name": "__neoonemethodstring",
        "type": "String",
      },
    ],
    "returnType": "Integer",
    "safe": true,
  },
  Object {
    "name": "symbol",
    "offset": 0,
    "parameters": Array [
      Object {
        "name": "__neoonemethodstring",
        "type": "String",
      },
    ],
    "returnType": "String",
    "safe": true,
  },
  Object {
    "name": "totalSupply",
    "offset": 0,
    "parameters": Array [
      Object {
        "name": "__neoonemethodstring",
        "type": "String",
      },
    ],
    "returnType": "Integer",
    "safe": true,
  },
  Object {
    "name": "balanceOf",
    "offset": 0,
    "parameters": Array [
      Object {
        "name": "__neoonemethodstring",
        "type": "String",
      },
      Object {
        "name": "address",
        "type": "Hash160",
      },
    ],
    "returnType": "Integer",
    "safe": true,
  },
  Object {
    "name": "approvedTransfer",
    "offset": 0,
    "parameters": Array [
      Object {
        "name": "__neoonemethodstring",
        "type": "String",
      },
      Object {
        "name": "from",
        "type": "Hash160",
      },
      Object {
        "name": "to",
        "type": "Hash160",
      },
    ],
    "returnType": "Integer",
    "safe": true,
  },
  Object {
    "name": "transfer",
    "offset": 0,
    "parameters": Array [
      Object {
        "name": "__neoonemethodstring",
        "type": "String",
      },
      Object {
        "name": "from",
        "type": "Hash160",
      },
      Object {
        "name": "to",
        "type": "Hash160",
      },
      Object {
        "name": "amount",
        "type": "Integer",
      },
    ],
    "returnType": "Boolean",
    "safe": false,
  },
  Object {
    "name": "approveSendTransfer",
    "offset": 0,
    "parameters": Array [
      Object {
        "name": "__neoonemethodstring",
        "type": "String",
      },
      Object {
        "name": "from",
        "type": "Hash160",
      },
      Object {
        "name": "to",
        "type": "Hash160",
      },
      Object {
        "name": "amount",
        "type": "Integer",
      },
    ],
    "returnType": "Boolean",
    "safe": false,
  },
  Object {
    "name": "approveReceiveTransfer",
    "offset": 0,
    "parameters": Array [
      Object {
        "name": "__neoonemethodstring",
        "type": "String",
      },
      Object {
        "name": "from",
        "type": "Hash160",
      },
      Object {
        "name": "amount",
        "type": "Integer",
      },
      Object {
        "name": "asset",
        "type": "Hash160",
      },
    ],
    "returnType": "Boolean",
    "safe": false,
  },
  Object {
    "name": "onNEP17Payment",
    "offset": 0,
    "parameters": Array [
      Object {
        "name": "__neoonemethodstring",
        "type": "String",
      },
      Object {
        "name": "from",
        "type": "Hash160",
      },
      Object {
        "name": "amount",
        "type": "Integer",
      },
      Object {
        "name": "data",
        "type": "Buffer",
      },
    ],
    "returnType": "Void",
    "safe": false,
  },
  Object {
    "name": "revokeSendTransfer",
    "offset": 0,
    "parameters": Array [
      Object {
        "name": "__neoonemethodstring",
        "type": "String",
      },
      Object {
        "name": "from",
        "type": "Hash160",
      },
      Object {
        "name": "to",
        "type": "Hash160",
      },
      Object {
        "name": "amount",
        "type": "Integer",
      },
    ],
    "returnType": "Boolean",
    "safe": false,
  },
  Object {
    "name": "onRevokeSendTransfer",
    "offset": 0,
    "parameters": Array [
      Object {
        "name": "__neoonemethodstring",
        "type": "String",
      },
      Object {
        "name": "from",
        "type": "Hash160",
      },
      Object {
        "name": "amount",
        "type": "Integer",
      },
      Object {
        "name": "asset",
        "type": "Hash160",
      },
    ],
    "returnType": "Void",
    "safe": false,
  },
  Object {
    "name": "deploy",
    "offset": 0,
    "parameters": Array [
      Object {
        "name": "__neoonemethodstring",
        "type": "String",
      },
      Object {
        "name": "owner",
        "type": "Hash160",
      },
    ],
    "returnType": "Boolean",
    "safe": false,
  },
]
`;

exports[`Test TestToken methods smart contract: transfer consume 1`] = `"124212640"`;
